// Vitest Snapshot v1

exports[`UIコンポーネントのテスト > ViewModelのテスト > ブラックボックステスト > 同値・境界値テスト > displayName > test userを指定した場合、ツールチップテキストに「test user」が表示されること 1`] = `
<body>
  <div
    data-v-app=""
  >
    
    
    
    
    <button
      aria-describedby="v-tooltip-1"
      aria-expanded="false"
      aria-haspopup="menu"
      aria-owns="v-menu-0"
      class="v-btn v-btn--elevated v-btn--icon v-theme--light v-btn--density-default elevation-0 v-btn--size-default v-btn--variant-elevated"
      type="button"
    >
      
      <span
        class="v-btn__overlay"
      />
      <span
        class="v-btn__underlay"
      />
      
      <!---->
      <span
        class="v-btn__content"
        data-no-activator=""
      >
        
        
        <div
          class="v-avatar v-theme--light v-avatar--density-default v-avatar--size-large v-avatar--variant-flat"
        >
          
          <img
            alt="test userのアバター画像"
            src="/path/to/image.png"
          />
          
          
          <!---->
          <span
            class="v-avatar__underlay"
          />
          
        </div>
        
        
      </span>
      <!---->
      <!---->
    </button>
    
    <!--teleport start-->
    <!--teleport end-->
    
    
    <!--teleport start-->
    <!--teleport end-->
    
  </div>
  <div
    class="v-overlay-container"
  >
    <div
      class="v-overlay v-overlay--absolute v-theme--light v-locale--is-ltr v-tooltip"
      id="v-tooltip-1"
      role="tooltip"
      style="z-index: 2000;"
    >
      <transition-stub
        appear="true"
        css="true"
        name="fade-transition"
        persisted="false"
      >
        <!---->
      </transition-stub>
      <transition-stub
        appear="true"
        css="true"
        name="fade-transition"
        persisted="true"
        target="[object HTMLButtonElement]"
      >
        <div
          class="v-overlay__content"
          style="min-width: 0px; display: none;"
        >
          
          <span>
            test user
          </span>
          
        </div>
      </transition-stub>
    </div>
    
    <div
      class="v-overlay v-overlay--absolute v-theme--light v-locale--is-ltr v-menu"
      style="z-index: 2000;"
    >
      <transition-stub
        appear="true"
        css="true"
        name="fade-transition"
        persisted="false"
      >
        <!---->
      </transition-stub>
      <transition-stub
        appear="true"
        css="true"
        name="dialog-transition"
        persisted="true"
      >
        <div
          class="v-overlay__content"
          style="display: none;"
        >
          
          
          
          <div
            class="v-list v-list--nav v-theme--light v-list--density-default v-list--one-line"
            role="listbox"
            style="background-color: rgb(255, 255, 255); min-width: 250px;"
          >
            
            
            <div
              class="v-list-item v-list-item--link v-list-item--nav v-theme--light v-list-item--density-default v-list-item--one-line v-list-item--rounded v-list-item--variant-text"
              tabindex="0"
            >
              
              <span
                class="v-list-item__overlay"
              />
              <span
                class="v-list-item__underlay"
              />
              
              <!---->
              <div
                class="v-list-item__content"
                data-no-activator=""
              >
                <!---->
                <!---->
                
                <div
                  class="v-list-item-title"
                >
                  title1
                </div>
                
              </div>
              <!---->
            </div>
            <div
              class="v-list-item v-list-item--link v-list-item--nav v-theme--light v-list-item--density-default v-list-item--one-line v-list-item--rounded v-list-item--variant-text"
              tabindex="0"
            >
              
              <span
                class="v-list-item__overlay"
              />
              <span
                class="v-list-item__underlay"
              />
              
              <!---->
              <div
                class="v-list-item__content"
                data-no-activator=""
              >
                <!---->
                <!---->
                
                <div
                  class="v-list-item-title"
                >
                  title2
                </div>
                
              </div>
              <!---->
            </div>
            <div
              class="v-list-item v-list-item--link v-list-item--nav v-theme--light v-list-item--density-default v-list-item--one-line v-list-item--rounded v-list-item--variant-text"
              tabindex="0"
            >
              
              <span
                class="v-list-item__overlay"
              />
              <span
                class="v-list-item__underlay"
              />
              
              <!---->
              <div
                class="v-list-item__content"
                data-no-activator=""
              >
                <!---->
                <!---->
                
                <div
                  class="v-list-item-title"
                >
                  title3
                </div>
                
              </div>
              <!---->
            </div>
            
            
          </div>
          
          
          
        </div>
      </transition-stub>
    </div>
    
    <div
      class="v-overlay v-overlay--absolute v-theme--light v-locale--is-ltr v-tooltip"
      id="v-tooltip-1"
      role="tooltip"
      style="z-index: 2000;"
    >
      <transition-stub
        appear="true"
        css="true"
        name="fade-transition"
        persisted="false"
      >
        <!---->
      </transition-stub>
      <transition-stub
        appear="true"
        css="true"
        name="fade-transition"
        persisted="true"
        target="[object HTMLButtonElement]"
      >
        <div
          class="v-overlay__content"
          style="min-width: 0px; display: none;"
        >
          
          <span>
            test text
          </span>
          
        </div>
      </transition-stub>
    </div>
    
    <div
      class="v-overlay v-overlay--absolute v-theme--light v-locale--is-ltr v-menu"
      style="z-index: 2000;"
    >
      <transition-stub
        appear="true"
        css="true"
        name="fade-transition"
        persisted="false"
      >
        <!---->
      </transition-stub>
      <transition-stub
        appear="true"
        css="true"
        name="dialog-transition"
        persisted="true"
      >
        <div
          class="v-overlay__content"
          style="display: none;"
        >
          
          
          
          <div
            class="v-list v-list--nav v-theme--light v-list--density-default v-list--one-line"
            role="listbox"
            style="background-color: rgb(255, 255, 255); min-width: 250px;"
          >
            
            
            <div
              class="v-list-item v-list-item--link v-list-item--nav v-theme--light v-list-item--density-default v-list-item--one-line v-list-item--rounded v-list-item--variant-text"
              tabindex="0"
            >
              
              <span
                class="v-list-item__overlay"
              />
              <span
                class="v-list-item__underlay"
              />
              
              <!---->
              <div
                class="v-list-item__content"
                data-no-activator=""
              >
                <!---->
                <!---->
                
                <div
                  class="v-list-item-title"
                >
                  title1
                </div>
                
              </div>
              <!---->
            </div>
            <div
              class="v-list-item v-list-item--link v-list-item--nav v-theme--light v-list-item--density-default v-list-item--one-line v-list-item--rounded v-list-item--variant-text"
              tabindex="0"
            >
              
              <span
                class="v-list-item__overlay"
              />
              <span
                class="v-list-item__underlay"
              />
              
              <!---->
              <div
                class="v-list-item__content"
                data-no-activator=""
              >
                <!---->
                <!---->
                
                <div
                  class="v-list-item-title"
                >
                  title2
                </div>
                
              </div>
              <!---->
            </div>
            <div
              class="v-list-item v-list-item--link v-list-item--nav v-theme--light v-list-item--density-default v-list-item--one-line v-list-item--rounded v-list-item--variant-text"
              tabindex="0"
            >
              
              <span
                class="v-list-item__overlay"
              />
              <span
                class="v-list-item__underlay"
              />
              
              <!---->
              <div
                class="v-list-item__content"
                data-no-activator=""
              >
                <!---->
                <!---->
                
                <div
                  class="v-list-item-title"
                >
                  title3
                </div>
                
              </div>
              <!---->
            </div>
            
            
          </div>
          
          
          
        </div>
      </transition-stub>
    </div>
    
    <div
      class="v-overlay v-overlay--absolute v-theme--light v-locale--is-ltr v-tooltip"
      id="v-tooltip-1"
      role="tooltip"
      style="z-index: 2000;"
    >
      <transition-stub
        appear="true"
        css="true"
        name="fade-transition"
        persisted="false"
      >
        <!---->
      </transition-stub>
      <transition-stub
        appear="true"
        css="true"
        name="fade-transition"
        persisted="true"
        target="http://localhost:3000/path/to/root"
      >
        <div
          class="v-overlay__content"
          style="min-width: 0px; display: none;"
        >
          
          <span>
            test user
          </span>
          
        </div>
      </transition-stub>
    </div>
    
    <div
      class="v-overlay v-overlay--absolute v-theme--light v-locale--is-ltr v-menu"
      style="z-index: 2000;"
    >
      <transition-stub
        appear="true"
        css="true"
        name="fade-transition"
        persisted="false"
      >
        <!---->
      </transition-stub>
      <transition-stub
        appear="true"
        css="true"
        name="dialog-transition"
        persisted="true"
      >
        <div
          class="v-overlay__content"
          style="display: none;"
        >
          
          
          
          <div
            class="v-list v-list--nav v-theme--light v-list--density-default v-list--one-line"
            role="listbox"
            style="background-color: rgb(255, 255, 255); min-width: 250px;"
          >
            
            
            <div
              class="v-list-item v-list-item--link v-list-item--nav v-theme--light v-list-item--density-default v-list-item--one-line v-list-item--rounded v-list-item--variant-text"
              tabindex="0"
            >
              
              <span
                class="v-list-item__overlay"
              />
              <span
                class="v-list-item__underlay"
              />
              
              <!---->
              <div
                class="v-list-item__content"
                data-no-activator=""
              >
                <!---->
                <!---->
                
                <div
                  class="v-list-item-title"
                >
                  title1
                </div>
                
              </div>
              <!---->
            </div>
            <div
              class="v-list-item v-list-item--link v-list-item--nav v-theme--light v-list-item--density-default v-list-item--one-line v-list-item--rounded v-list-item--variant-text"
              tabindex="0"
            >
              
              <span
                class="v-list-item__overlay"
              />
              <span
                class="v-list-item__underlay"
              />
              
              <!---->
              <div
                class="v-list-item__content"
                data-no-activator=""
              >
                <!---->
                <!---->
                
                <div
                  class="v-list-item-title"
                >
                  title2
                </div>
                
              </div>
              <!---->
            </div>
            <div
              class="v-list-item v-list-item--link v-list-item--nav v-theme--light v-list-item--density-default v-list-item--one-line v-list-item--rounded v-list-item--variant-text"
              tabindex="0"
            >
              
              <span
                class="v-list-item__overlay"
              />
              <span
                class="v-list-item__underlay"
              />
              
              <!---->
              <div
                class="v-list-item__content"
                data-no-activator=""
              >
                <!---->
                <!---->
                
                <div
                  class="v-list-item-title"
                >
                  title3
                </div>
                
              </div>
              <!---->
            </div>
            
            
          </div>
          
          
          
        </div>
      </transition-stub>
    </div>
    
    <div
      class="v-overlay v-overlay--absolute v-theme--light v-locale--is-ltr v-tooltip"
      id="v-tooltip-1"
      role="tooltip"
      style="z-index: 2000;"
    >
      <transition-stub
        appear="true"
        css="true"
        name="fade-transition"
        persisted="false"
      >
        <!---->
      </transition-stub>
      <transition-stub
        appear="true"
        css="true"
        name="fade-transition"
        persisted="true"
      >
        <div
          class="v-overlay__content"
          style="min-width: 0px; display: none;"
        >
          
          <span>
            test user
          </span>
          
        </div>
      </transition-stub>
    </div>
    
    <div
      class="v-overlay v-overlay--absolute v-theme--light v-locale--is-ltr v-menu"
      style="z-index: 2000;"
    >
      <transition-stub
        appear="true"
        css="true"
        name="fade-transition"
        persisted="false"
      >
        <!---->
      </transition-stub>
      <transition-stub
        appear="true"
        css="true"
        name="dialog-transition"
        persisted="true"
      >
        <div
          class="v-overlay__content"
          style="display: none;"
        >
          
          
          
          <div
            class="v-list v-list--nav v-theme--light v-list--density-default v-list--one-line"
            role="listbox"
            style="background-color: rgb(255, 255, 255); min-width: 250px;"
          >
            
            
            <div
              class="v-list-item v-list-item--link v-list-item--nav v-theme--light v-list-item--density-default v-list-item--one-line v-list-item--rounded v-list-item--variant-text"
              tabindex="0"
            >
              
              <span
                class="v-list-item__overlay"
              />
              <span
                class="v-list-item__underlay"
              />
              
              <!---->
              <div
                class="v-list-item__content"
                data-no-activator=""
              >
                <!---->
                <!---->
                
                <div
                  class="v-list-item-title"
                >
                  title1
                </div>
                
              </div>
              <!---->
            </div>
            <div
              class="v-list-item v-list-item--link v-list-item--nav v-theme--light v-list-item--density-default v-list-item--one-line v-list-item--rounded v-list-item--variant-text"
              tabindex="0"
            >
              
              <span
                class="v-list-item__overlay"
              />
              <span
                class="v-list-item__underlay"
              />
              
              <!---->
              <div
                class="v-list-item__content"
                data-no-activator=""
              >
                <!---->
                <!---->
                
                <div
                  class="v-list-item-title"
                >
                  title2
                </div>
                
              </div>
              <!---->
            </div>
            <div
              class="v-list-item v-list-item--link v-list-item--nav v-theme--light v-list-item--density-default v-list-item--one-line v-list-item--rounded v-list-item--variant-text"
              tabindex="0"
            >
              
              <span
                class="v-list-item__overlay"
              />
              <span
                class="v-list-item__underlay"
              />
              
              <!---->
              <div
                class="v-list-item__content"
                data-no-activator=""
              >
                <!---->
                <!---->
                
                <div
                  class="v-list-item-title"
                >
                  title3
                </div>
                
              </div>
              <!---->
            </div>
            
            
          </div>
          
          
          
        </div>
      </transition-stub>
    </div>
    
  </div>
  <div
    data-v-app=""
  >
    
    
    
    
    <button
      aria-describedby="v-tooltip-1"
      aria-expanded="false"
      aria-haspopup="menu"
      aria-owns="v-menu-0"
      class="v-btn v-btn--elevated v-btn--icon v-theme--light v-btn--density-default elevation-0 v-btn--size-default v-btn--variant-elevated"
      type="button"
    >
      
      <span
        class="v-btn__overlay"
      />
      <span
        class="v-btn__underlay"
      />
      
      <!---->
      <span
        class="v-btn__content"
        data-no-activator=""
      >
        
        
        <div
          class="v-avatar v-theme--light v-avatar--density-default v-avatar--size-large v-avatar--variant-flat"
        >
          
          <i
            aria-hidden="true"
            class="mdi-account-circle mdi v-icon notranslate v-theme--light v-icon--size-x-large _icon_93c2a5"
          />
          
          
          <!---->
          <span
            class="v-avatar__underlay"
          />
          
        </div>
        
        
      </span>
      <!---->
      <!---->
    </button>
    
    <!--teleport start-->
    <!--teleport end-->
    
    
    <!--teleport start-->
    <!--teleport end-->
    
  </div>
  <div
    data-v-app=""
  >
    
    
    
    
    <a
      aria-describedby="v-tooltip-1"
      aria-expanded="false"
      aria-haspopup="menu"
      aria-owns="v-menu-0"
      class="v-btn v-btn--elevated v-btn--icon v-theme--light v-btn--density-default elevation-0 v-btn--size-default v-btn--variant-elevated"
      href="/path/to/root"
    >
      
      <span
        class="v-btn__overlay"
      />
      <span
        class="v-btn__underlay"
      />
      
      <!---->
      <span
        class="v-btn__content"
        data-no-activator=""
      >
        
        
        <div
          class="v-avatar v-theme--light v-avatar--density-default v-avatar--size-large v-avatar--variant-flat"
        >
          
          <i
            aria-hidden="true"
            class="mdi-account-circle mdi v-icon notranslate v-theme--light v-icon--size-x-large _icon_93c2a5"
          />
          
          
          <!---->
          <span
            class="v-avatar__underlay"
          />
          
        </div>
        
        
      </span>
      <!---->
      <!---->
    </a>
    
    <!--teleport start-->
    <!--teleport end-->
    
    
    <!--teleport start-->
    <!--teleport end-->
    
  </div>
  <div
    data-v-app=""
  />
  <div
    data-v-app=""
  >
    
    
    
    
    <button
      aria-describedby="v-tooltip-1"
      aria-expanded="false"
      aria-haspopup="menu"
      aria-owns="v-menu-0"
      class="v-btn v-btn--elevated v-btn--icon v-theme--light v-btn--density-default elevation-0 v-btn--size-default v-btn--variant-elevated"
      type="button"
    >
      
      <span
        class="v-btn__overlay"
      />
      <span
        class="v-btn__underlay"
      />
      
      <!---->
      <span
        class="v-btn__content"
        data-no-activator=""
      >
        
        
        <div
          class="v-avatar v-theme--light v-avatar--density-default v-avatar--size-large v-avatar--variant-flat"
        >
          
          <i
            aria-hidden="true"
            class="mdi-account-circle mdi v-icon notranslate v-theme--light v-icon--size-x-large _icon_93c2a5"
          />
          
          
          <!---->
          <span
            class="v-avatar__underlay"
          />
          
        </div>
        
        
      </span>
      <!---->
      <!---->
    </button>
    
    <!--teleport start-->
    <!--teleport end-->
    
    
    <!--teleport start-->
    <!--teleport end-->
    
  </div>
</body>
`;

exports[`UIコンポーネントのテスト > ViewModelのテスト > ブラックボックステスト > 同値・境界値テスト > menu > メニューに３つのタイトルが表示されること 1`] = `
<body>
  <div
    data-v-app=""
  >
    
    
    
    
    <button
      aria-describedby="v-tooltip-1"
      aria-expanded="false"
      aria-haspopup="menu"
      aria-owns="v-menu-0"
      class="v-btn v-btn--elevated v-btn--icon v-theme--light v-btn--density-default elevation-0 v-btn--size-default v-btn--variant-elevated"
      type="button"
    >
      
      <span
        class="v-btn__overlay"
      />
      <span
        class="v-btn__underlay"
      />
      
      <!---->
      <span
        class="v-btn__content"
        data-no-activator=""
      >
        
        
        <div
          class="v-avatar v-theme--light v-avatar--density-default v-avatar--size-large v-avatar--variant-flat"
        >
          
          <img
            alt="test userのアバター画像"
            src="/path/to/image.png"
          />
          
          
          <!---->
          <span
            class="v-avatar__underlay"
          />
          
        </div>
        
        
      </span>
      <!---->
      <!---->
    </button>
    
    <!--teleport start-->
    <!--teleport end-->
    
    
    <!--teleport start-->
    <!--teleport end-->
    
  </div>
  <div
    class="v-overlay-container"
  >
    <div
      class="v-overlay v-overlay--absolute v-theme--light v-locale--is-ltr v-tooltip"
      id="v-tooltip-1"
      role="tooltip"
      style="z-index: 2000;"
    >
      <transition-stub
        appear="true"
        css="true"
        name="fade-transition"
        persisted="false"
      >
        <!---->
      </transition-stub>
      <transition-stub
        appear="true"
        css="true"
        name="fade-transition"
        persisted="true"
        target="[object HTMLButtonElement]"
      >
        <div
          class="v-overlay__content"
          style="min-width: 0px; display: none;"
        >
          
          <span>
            test user
          </span>
          
        </div>
      </transition-stub>
    </div>
    
    <div
      class="v-overlay v-overlay--absolute v-theme--light v-locale--is-ltr v-menu"
      style="z-index: 2000;"
    >
      <transition-stub
        appear="true"
        css="true"
        name="fade-transition"
        persisted="false"
      >
        <!---->
      </transition-stub>
      <transition-stub
        appear="true"
        css="true"
        name="dialog-transition"
        persisted="true"
      >
        <div
          class="v-overlay__content"
          style="display: none;"
        >
          
          
          
          <div
            class="v-list v-list--nav v-theme--light v-list--density-default v-list--one-line"
            role="listbox"
            style="background-color: rgb(255, 255, 255); min-width: 250px;"
          >
            
            
            <div
              class="v-list-item v-list-item--link v-list-item--nav v-theme--light v-list-item--density-default v-list-item--one-line v-list-item--rounded v-list-item--variant-text"
              tabindex="0"
            >
              
              <span
                class="v-list-item__overlay"
              />
              <span
                class="v-list-item__underlay"
              />
              
              <!---->
              <div
                class="v-list-item__content"
                data-no-activator=""
              >
                <!---->
                <!---->
                
                <div
                  class="v-list-item-title"
                >
                  title1
                </div>
                
              </div>
              <!---->
            </div>
            <div
              class="v-list-item v-list-item--link v-list-item--nav v-theme--light v-list-item--density-default v-list-item--one-line v-list-item--rounded v-list-item--variant-text"
              tabindex="0"
            >
              
              <span
                class="v-list-item__overlay"
              />
              <span
                class="v-list-item__underlay"
              />
              
              <!---->
              <div
                class="v-list-item__content"
                data-no-activator=""
              >
                <!---->
                <!---->
                
                <div
                  class="v-list-item-title"
                >
                  title2
                </div>
                
              </div>
              <!---->
            </div>
            <div
              class="v-list-item v-list-item--link v-list-item--nav v-theme--light v-list-item--density-default v-list-item--one-line v-list-item--rounded v-list-item--variant-text"
              tabindex="0"
            >
              
              <span
                class="v-list-item__overlay"
              />
              <span
                class="v-list-item__underlay"
              />
              
              <!---->
              <div
                class="v-list-item__content"
                data-no-activator=""
              >
                <!---->
                <!---->
                
                <div
                  class="v-list-item-title"
                >
                  title3
                </div>
                
              </div>
              <!---->
            </div>
            
            
          </div>
          
          
          
        </div>
      </transition-stub>
    </div>
    
    <div
      class="v-overlay v-overlay--absolute v-theme--light v-locale--is-ltr v-tooltip"
      id="v-tooltip-1"
      role="tooltip"
      style="z-index: 2000;"
    >
      <transition-stub
        appear="true"
        css="true"
        name="fade-transition"
        persisted="false"
      >
        <!---->
      </transition-stub>
      <transition-stub
        appear="true"
        css="true"
        name="fade-transition"
        persisted="true"
        target="[object HTMLButtonElement]"
      >
        <div
          class="v-overlay__content"
          style="min-width: 0px; display: none;"
        >
          
          <span>
            test text
          </span>
          
        </div>
      </transition-stub>
    </div>
    
    <div
      class="v-overlay v-overlay--absolute v-theme--light v-locale--is-ltr v-menu"
      style="z-index: 2000;"
    >
      <transition-stub
        appear="true"
        css="true"
        name="fade-transition"
        persisted="false"
      >
        <!---->
      </transition-stub>
      <transition-stub
        appear="true"
        css="true"
        name="dialog-transition"
        persisted="true"
      >
        <div
          class="v-overlay__content"
          style="display: none;"
        >
          
          
          
          <div
            class="v-list v-list--nav v-theme--light v-list--density-default v-list--one-line"
            role="listbox"
            style="background-color: rgb(255, 255, 255); min-width: 250px;"
          >
            
            
            <div
              class="v-list-item v-list-item--link v-list-item--nav v-theme--light v-list-item--density-default v-list-item--one-line v-list-item--rounded v-list-item--variant-text"
              tabindex="0"
            >
              
              <span
                class="v-list-item__overlay"
              />
              <span
                class="v-list-item__underlay"
              />
              
              <!---->
              <div
                class="v-list-item__content"
                data-no-activator=""
              >
                <!---->
                <!---->
                
                <div
                  class="v-list-item-title"
                >
                  title1
                </div>
                
              </div>
              <!---->
            </div>
            <div
              class="v-list-item v-list-item--link v-list-item--nav v-theme--light v-list-item--density-default v-list-item--one-line v-list-item--rounded v-list-item--variant-text"
              tabindex="0"
            >
              
              <span
                class="v-list-item__overlay"
              />
              <span
                class="v-list-item__underlay"
              />
              
              <!---->
              <div
                class="v-list-item__content"
                data-no-activator=""
              >
                <!---->
                <!---->
                
                <div
                  class="v-list-item-title"
                >
                  title2
                </div>
                
              </div>
              <!---->
            </div>
            <div
              class="v-list-item v-list-item--link v-list-item--nav v-theme--light v-list-item--density-default v-list-item--one-line v-list-item--rounded v-list-item--variant-text"
              tabindex="0"
            >
              
              <span
                class="v-list-item__overlay"
              />
              <span
                class="v-list-item__underlay"
              />
              
              <!---->
              <div
                class="v-list-item__content"
                data-no-activator=""
              >
                <!---->
                <!---->
                
                <div
                  class="v-list-item-title"
                >
                  title3
                </div>
                
              </div>
              <!---->
            </div>
            
            
          </div>
          
          
          
        </div>
      </transition-stub>
    </div>
    
    <div
      class="v-overlay v-overlay--absolute v-theme--light v-locale--is-ltr v-tooltip"
      id="v-tooltip-1"
      role="tooltip"
      style="z-index: 2000;"
    >
      <transition-stub
        appear="true"
        css="true"
        name="fade-transition"
        persisted="false"
      >
        <!---->
      </transition-stub>
      <transition-stub
        appear="true"
        css="true"
        name="fade-transition"
        persisted="true"
        target="http://localhost:3000/path/to/root"
      >
        <div
          class="v-overlay__content"
          style="min-width: 0px; display: none;"
        >
          
          <span>
            test user
          </span>
          
        </div>
      </transition-stub>
    </div>
    
    <div
      class="v-overlay v-overlay--absolute v-theme--light v-locale--is-ltr v-menu"
      style="z-index: 2000;"
    >
      <transition-stub
        appear="true"
        css="true"
        name="fade-transition"
        persisted="false"
      >
        <!---->
      </transition-stub>
      <transition-stub
        appear="true"
        css="true"
        name="dialog-transition"
        persisted="true"
      >
        <div
          class="v-overlay__content"
          style="display: none;"
        >
          
          
          
          <div
            class="v-list v-list--nav v-theme--light v-list--density-default v-list--one-line"
            role="listbox"
            style="background-color: rgb(255, 255, 255); min-width: 250px;"
          >
            
            
            <div
              class="v-list-item v-list-item--link v-list-item--nav v-theme--light v-list-item--density-default v-list-item--one-line v-list-item--rounded v-list-item--variant-text"
              tabindex="0"
            >
              
              <span
                class="v-list-item__overlay"
              />
              <span
                class="v-list-item__underlay"
              />
              
              <!---->
              <div
                class="v-list-item__content"
                data-no-activator=""
              >
                <!---->
                <!---->
                
                <div
                  class="v-list-item-title"
                >
                  title1
                </div>
                
              </div>
              <!---->
            </div>
            <div
              class="v-list-item v-list-item--link v-list-item--nav v-theme--light v-list-item--density-default v-list-item--one-line v-list-item--rounded v-list-item--variant-text"
              tabindex="0"
            >
              
              <span
                class="v-list-item__overlay"
              />
              <span
                class="v-list-item__underlay"
              />
              
              <!---->
              <div
                class="v-list-item__content"
                data-no-activator=""
              >
                <!---->
                <!---->
                
                <div
                  class="v-list-item-title"
                >
                  title2
                </div>
                
              </div>
              <!---->
            </div>
            <div
              class="v-list-item v-list-item--link v-list-item--nav v-theme--light v-list-item--density-default v-list-item--one-line v-list-item--rounded v-list-item--variant-text"
              tabindex="0"
            >
              
              <span
                class="v-list-item__overlay"
              />
              <span
                class="v-list-item__underlay"
              />
              
              <!---->
              <div
                class="v-list-item__content"
                data-no-activator=""
              >
                <!---->
                <!---->
                
                <div
                  class="v-list-item-title"
                >
                  title3
                </div>
                
              </div>
              <!---->
            </div>
            
            
          </div>
          
          
          
        </div>
      </transition-stub>
    </div>
    
    <div
      class="v-overlay v-overlay--absolute v-theme--light v-locale--is-ltr v-tooltip"
      id="v-tooltip-1"
      role="tooltip"
      style="z-index: 2000;"
    >
      <transition-stub
        appear="true"
        css="true"
        name="fade-transition"
        persisted="false"
      >
        <!---->
      </transition-stub>
      <transition-stub
        appear="true"
        css="true"
        name="fade-transition"
        persisted="true"
      >
        <div
          class="v-overlay__content"
          style="min-width: 0px; display: none;"
        >
          
          <span>
            test user
          </span>
          
        </div>
      </transition-stub>
    </div>
    
    <div
      class="v-overlay v-overlay--absolute v-theme--light v-locale--is-ltr v-menu"
      style="z-index: 2000;"
    >
      <transition-stub
        appear="true"
        css="true"
        name="fade-transition"
        persisted="false"
      >
        <!---->
      </transition-stub>
      <transition-stub
        appear="true"
        css="true"
        name="dialog-transition"
        persisted="true"
      >
        <div
          class="v-overlay__content"
          style="display: none;"
        >
          
          
          
          <div
            class="v-list v-list--nav v-theme--light v-list--density-default v-list--one-line"
            role="listbox"
            style="background-color: rgb(255, 255, 255); min-width: 250px;"
          >
            
            
            <div
              class="v-list-item v-list-item--link v-list-item--nav v-theme--light v-list-item--density-default v-list-item--one-line v-list-item--rounded v-list-item--variant-text"
              tabindex="0"
            >
              
              <span
                class="v-list-item__overlay"
              />
              <span
                class="v-list-item__underlay"
              />
              
              <!---->
              <div
                class="v-list-item__content"
                data-no-activator=""
              >
                <!---->
                <!---->
                
                <div
                  class="v-list-item-title"
                >
                  title1
                </div>
                
              </div>
              <!---->
            </div>
            <div
              class="v-list-item v-list-item--link v-list-item--nav v-theme--light v-list-item--density-default v-list-item--one-line v-list-item--rounded v-list-item--variant-text"
              tabindex="0"
            >
              
              <span
                class="v-list-item__overlay"
              />
              <span
                class="v-list-item__underlay"
              />
              
              <!---->
              <div
                class="v-list-item__content"
                data-no-activator=""
              >
                <!---->
                <!---->
                
                <div
                  class="v-list-item-title"
                >
                  title2
                </div>
                
              </div>
              <!---->
            </div>
            <div
              class="v-list-item v-list-item--link v-list-item--nav v-theme--light v-list-item--density-default v-list-item--one-line v-list-item--rounded v-list-item--variant-text"
              tabindex="0"
            >
              
              <span
                class="v-list-item__overlay"
              />
              <span
                class="v-list-item__underlay"
              />
              
              <!---->
              <div
                class="v-list-item__content"
                data-no-activator=""
              >
                <!---->
                <!---->
                
                <div
                  class="v-list-item-title"
                >
                  title3
                </div>
                
              </div>
              <!---->
            </div>
            
            
          </div>
          
          
          
        </div>
      </transition-stub>
    </div>
    
  </div>
  <div
    data-v-app=""
  >
    
    
    
    
    <button
      aria-describedby="v-tooltip-1"
      aria-expanded="false"
      aria-haspopup="menu"
      aria-owns="v-menu-0"
      class="v-btn v-btn--elevated v-btn--icon v-theme--light v-btn--density-default elevation-0 v-btn--size-default v-btn--variant-elevated"
      type="button"
    >
      
      <span
        class="v-btn__overlay"
      />
      <span
        class="v-btn__underlay"
      />
      
      <!---->
      <span
        class="v-btn__content"
        data-no-activator=""
      >
        
        
        <div
          class="v-avatar v-theme--light v-avatar--density-default v-avatar--size-large v-avatar--variant-flat"
        >
          
          <i
            aria-hidden="true"
            class="mdi-account-circle mdi v-icon notranslate v-theme--light v-icon--size-x-large _icon_93c2a5"
          />
          
          
          <!---->
          <span
            class="v-avatar__underlay"
          />
          
        </div>
        
        
      </span>
      <!---->
      <!---->
    </button>
    
    <!--teleport start-->
    <!--teleport end-->
    
    
    <!--teleport start-->
    <!--teleport end-->
    
  </div>
  <div
    data-v-app=""
  >
    
    
    
    
    <a
      aria-describedby="v-tooltip-1"
      aria-expanded="false"
      aria-haspopup="menu"
      aria-owns="v-menu-0"
      class="v-btn v-btn--elevated v-btn--icon v-theme--light v-btn--density-default elevation-0 v-btn--size-default v-btn--variant-elevated"
      href="/path/to/root"
    >
      
      <span
        class="v-btn__overlay"
      />
      <span
        class="v-btn__underlay"
      />
      
      <!---->
      <span
        class="v-btn__content"
        data-no-activator=""
      >
        
        
        <div
          class="v-avatar v-theme--light v-avatar--density-default v-avatar--size-large v-avatar--variant-flat"
        >
          
          <i
            aria-hidden="true"
            class="mdi-account-circle mdi v-icon notranslate v-theme--light v-icon--size-x-large _icon_93c2a5"
          />
          
          
          <!---->
          <span
            class="v-avatar__underlay"
          />
          
        </div>
        
        
      </span>
      <!---->
      <!---->
    </a>
    
    <!--teleport start-->
    <!--teleport end-->
    
    
    <!--teleport start-->
    <!--teleport end-->
    
  </div>
  <div
    data-v-app=""
  >
    
    
    
    
    <button
      aria-describedby="v-tooltip-1"
      aria-expanded="false"
      aria-haspopup="menu"
      aria-owns="v-menu-0"
      class="v-btn v-btn--elevated v-btn--icon v-theme--light v-btn--density-default elevation-0 v-btn--size-default v-btn--variant-elevated"
      type="button"
    >
      
      <span
        class="v-btn__overlay"
      />
      <span
        class="v-btn__underlay"
      />
      
      <!---->
      <span
        class="v-btn__content"
        data-no-activator=""
      >
        
        
        <div
          class="v-avatar v-theme--light v-avatar--density-default v-avatar--size-large v-avatar--variant-flat"
        >
          
          <i
            aria-hidden="true"
            class="mdi-account-circle mdi v-icon notranslate v-theme--light v-icon--size-x-large _icon_93c2a5"
          />
          
          
          <!---->
          <span
            class="v-avatar__underlay"
          />
          
        </div>
        
        
      </span>
      <!---->
      <!---->
    </button>
    
    <!--teleport start-->
    <!--teleport end-->
    
    
    <!--teleport start-->
    <!--teleport end-->
    
  </div>
</body>
`;

exports[`UIコンポーネントのテスト > ViewModelのテスト > ブラックボックステスト > 同値・境界値テスト > photoUrl > 「/path/to/image.png」を指定した場合 > imgタグのsrcに「/path/to/image.png」が表示されること 1`] = `
<body>
  <div
    data-v-app=""
  >
    
    
    
    
    <button
      aria-describedby="v-tooltip-1"
      aria-expanded="false"
      aria-haspopup="menu"
      aria-owns="v-menu-0"
      class="v-btn v-btn--elevated v-btn--icon v-theme--light v-btn--density-default elevation-0 v-btn--size-default v-btn--variant-elevated"
      type="button"
    >
      
      <span
        class="v-btn__overlay"
      />
      <span
        class="v-btn__underlay"
      />
      
      <!---->
      <span
        class="v-btn__content"
        data-no-activator=""
      >
        
        
        <div
          class="v-avatar v-theme--light v-avatar--density-default v-avatar--size-large v-avatar--variant-flat"
        >
          
          <img
            alt="test userのアバター画像"
            src="/path/to/image.png"
          />
          
          
          <!---->
          <span
            class="v-avatar__underlay"
          />
          
        </div>
        
        
      </span>
      <!---->
      <!---->
    </button>
    
    <!--teleport start-->
    <!--teleport end-->
    
    
    <!--teleport start-->
    <!--teleport end-->
    
  </div>
  <div
    class="v-overlay-container"
  >
    <div
      class="v-overlay v-overlay--absolute v-theme--light v-locale--is-ltr v-tooltip"
      id="v-tooltip-1"
      role="tooltip"
      style="z-index: 2000;"
    >
      <transition-stub
        appear="true"
        css="true"
        name="fade-transition"
        persisted="false"
      >
        <!---->
      </transition-stub>
      <transition-stub
        appear="true"
        css="true"
        name="fade-transition"
        persisted="true"
        target="[object HTMLButtonElement]"
      >
        <div
          class="v-overlay__content"
          style="min-width: 0px; display: none;"
        >
          
          <span>
            test user
          </span>
          
        </div>
      </transition-stub>
    </div>
    
    <div
      class="v-overlay v-overlay--absolute v-theme--light v-locale--is-ltr v-menu"
      style="z-index: 2000;"
    >
      <transition-stub
        appear="true"
        css="true"
        name="fade-transition"
        persisted="false"
      >
        <!---->
      </transition-stub>
      <transition-stub
        appear="true"
        css="true"
        name="dialog-transition"
        persisted="true"
      >
        <div
          class="v-overlay__content"
          style="display: none;"
        >
          
          
          
          <div
            class="v-list v-list--nav v-theme--light v-list--density-default v-list--one-line"
            role="listbox"
            style="background-color: rgb(255, 255, 255); min-width: 250px;"
          >
            
            
            <div
              class="v-list-item v-list-item--link v-list-item--nav v-theme--light v-list-item--density-default v-list-item--one-line v-list-item--rounded v-list-item--variant-text"
              tabindex="0"
            >
              
              <span
                class="v-list-item__overlay"
              />
              <span
                class="v-list-item__underlay"
              />
              
              <!---->
              <div
                class="v-list-item__content"
                data-no-activator=""
              >
                <!---->
                <!---->
                
                <div
                  class="v-list-item-title"
                >
                  title1
                </div>
                
              </div>
              <!---->
            </div>
            <div
              class="v-list-item v-list-item--link v-list-item--nav v-theme--light v-list-item--density-default v-list-item--one-line v-list-item--rounded v-list-item--variant-text"
              tabindex="0"
            >
              
              <span
                class="v-list-item__overlay"
              />
              <span
                class="v-list-item__underlay"
              />
              
              <!---->
              <div
                class="v-list-item__content"
                data-no-activator=""
              >
                <!---->
                <!---->
                
                <div
                  class="v-list-item-title"
                >
                  title2
                </div>
                
              </div>
              <!---->
            </div>
            <div
              class="v-list-item v-list-item--link v-list-item--nav v-theme--light v-list-item--density-default v-list-item--one-line v-list-item--rounded v-list-item--variant-text"
              tabindex="0"
            >
              
              <span
                class="v-list-item__overlay"
              />
              <span
                class="v-list-item__underlay"
              />
              
              <!---->
              <div
                class="v-list-item__content"
                data-no-activator=""
              >
                <!---->
                <!---->
                
                <div
                  class="v-list-item-title"
                >
                  title3
                </div>
                
              </div>
              <!---->
            </div>
            
            
          </div>
          
          
          
        </div>
      </transition-stub>
    </div>
    
    <div
      class="v-overlay v-overlay--absolute v-theme--light v-locale--is-ltr v-tooltip"
      id="v-tooltip-1"
      role="tooltip"
      style="z-index: 2000;"
    >
      <transition-stub
        appear="true"
        css="true"
        name="fade-transition"
        persisted="false"
      >
        <!---->
      </transition-stub>
      <transition-stub
        appear="true"
        css="true"
        name="fade-transition"
        persisted="true"
        target="[object HTMLButtonElement]"
      >
        <div
          class="v-overlay__content"
          style="min-width: 0px; display: none;"
        >
          
          <span>
            test text
          </span>
          
        </div>
      </transition-stub>
    </div>
    
    <div
      class="v-overlay v-overlay--absolute v-theme--light v-locale--is-ltr v-menu"
      style="z-index: 2000;"
    >
      <transition-stub
        appear="true"
        css="true"
        name="fade-transition"
        persisted="false"
      >
        <!---->
      </transition-stub>
      <transition-stub
        appear="true"
        css="true"
        name="dialog-transition"
        persisted="true"
      >
        <div
          class="v-overlay__content"
          style="display: none;"
        >
          
          
          
          <div
            class="v-list v-list--nav v-theme--light v-list--density-default v-list--one-line"
            role="listbox"
            style="background-color: rgb(255, 255, 255); min-width: 250px;"
          >
            
            
            <div
              class="v-list-item v-list-item--link v-list-item--nav v-theme--light v-list-item--density-default v-list-item--one-line v-list-item--rounded v-list-item--variant-text"
              tabindex="0"
            >
              
              <span
                class="v-list-item__overlay"
              />
              <span
                class="v-list-item__underlay"
              />
              
              <!---->
              <div
                class="v-list-item__content"
                data-no-activator=""
              >
                <!---->
                <!---->
                
                <div
                  class="v-list-item-title"
                >
                  title1
                </div>
                
              </div>
              <!---->
            </div>
            <div
              class="v-list-item v-list-item--link v-list-item--nav v-theme--light v-list-item--density-default v-list-item--one-line v-list-item--rounded v-list-item--variant-text"
              tabindex="0"
            >
              
              <span
                class="v-list-item__overlay"
              />
              <span
                class="v-list-item__underlay"
              />
              
              <!---->
              <div
                class="v-list-item__content"
                data-no-activator=""
              >
                <!---->
                <!---->
                
                <div
                  class="v-list-item-title"
                >
                  title2
                </div>
                
              </div>
              <!---->
            </div>
            <div
              class="v-list-item v-list-item--link v-list-item--nav v-theme--light v-list-item--density-default v-list-item--one-line v-list-item--rounded v-list-item--variant-text"
              tabindex="0"
            >
              
              <span
                class="v-list-item__overlay"
              />
              <span
                class="v-list-item__underlay"
              />
              
              <!---->
              <div
                class="v-list-item__content"
                data-no-activator=""
              >
                <!---->
                <!---->
                
                <div
                  class="v-list-item-title"
                >
                  title3
                </div>
                
              </div>
              <!---->
            </div>
            
            
          </div>
          
          
          
        </div>
      </transition-stub>
    </div>
    
    <div
      class="v-overlay v-overlay--absolute v-theme--light v-locale--is-ltr v-tooltip"
      id="v-tooltip-1"
      role="tooltip"
      style="z-index: 2000;"
    >
      <transition-stub
        appear="true"
        css="true"
        name="fade-transition"
        persisted="false"
      >
        <!---->
      </transition-stub>
      <transition-stub
        appear="true"
        css="true"
        name="fade-transition"
        persisted="true"
        target="http://localhost:3000/path/to/root"
      >
        <div
          class="v-overlay__content"
          style="min-width: 0px; display: none;"
        >
          
          <span>
            test user
          </span>
          
        </div>
      </transition-stub>
    </div>
    
    <div
      class="v-overlay v-overlay--absolute v-theme--light v-locale--is-ltr v-menu"
      style="z-index: 2000;"
    >
      <transition-stub
        appear="true"
        css="true"
        name="fade-transition"
        persisted="false"
      >
        <!---->
      </transition-stub>
      <transition-stub
        appear="true"
        css="true"
        name="dialog-transition"
        persisted="true"
      >
        <div
          class="v-overlay__content"
          style="display: none;"
        >
          
          
          
          <div
            class="v-list v-list--nav v-theme--light v-list--density-default v-list--one-line"
            role="listbox"
            style="background-color: rgb(255, 255, 255); min-width: 250px;"
          >
            
            
            <div
              class="v-list-item v-list-item--link v-list-item--nav v-theme--light v-list-item--density-default v-list-item--one-line v-list-item--rounded v-list-item--variant-text"
              tabindex="0"
            >
              
              <span
                class="v-list-item__overlay"
              />
              <span
                class="v-list-item__underlay"
              />
              
              <!---->
              <div
                class="v-list-item__content"
                data-no-activator=""
              >
                <!---->
                <!---->
                
                <div
                  class="v-list-item-title"
                >
                  title1
                </div>
                
              </div>
              <!---->
            </div>
            <div
              class="v-list-item v-list-item--link v-list-item--nav v-theme--light v-list-item--density-default v-list-item--one-line v-list-item--rounded v-list-item--variant-text"
              tabindex="0"
            >
              
              <span
                class="v-list-item__overlay"
              />
              <span
                class="v-list-item__underlay"
              />
              
              <!---->
              <div
                class="v-list-item__content"
                data-no-activator=""
              >
                <!---->
                <!---->
                
                <div
                  class="v-list-item-title"
                >
                  title2
                </div>
                
              </div>
              <!---->
            </div>
            <div
              class="v-list-item v-list-item--link v-list-item--nav v-theme--light v-list-item--density-default v-list-item--one-line v-list-item--rounded v-list-item--variant-text"
              tabindex="0"
            >
              
              <span
                class="v-list-item__overlay"
              />
              <span
                class="v-list-item__underlay"
              />
              
              <!---->
              <div
                class="v-list-item__content"
                data-no-activator=""
              >
                <!---->
                <!---->
                
                <div
                  class="v-list-item-title"
                >
                  title3
                </div>
                
              </div>
              <!---->
            </div>
            
            
          </div>
          
          
          
        </div>
      </transition-stub>
    </div>
    
  </div>
  <div
    data-v-app=""
  >
    
    
    
    
    <button
      aria-describedby="v-tooltip-1"
      aria-expanded="false"
      aria-haspopup="menu"
      aria-owns="v-menu-0"
      class="v-btn v-btn--elevated v-btn--icon v-theme--light v-btn--density-default elevation-0 v-btn--size-default v-btn--variant-elevated"
      type="button"
    >
      
      <span
        class="v-btn__overlay"
      />
      <span
        class="v-btn__underlay"
      />
      
      <!---->
      <span
        class="v-btn__content"
        data-no-activator=""
      >
        
        
        <div
          class="v-avatar v-theme--light v-avatar--density-default v-avatar--size-large v-avatar--variant-flat"
        >
          
          <i
            aria-hidden="true"
            class="mdi-account-circle mdi v-icon notranslate v-theme--light v-icon--size-x-large _icon_93c2a5"
          />
          
          
          <!---->
          <span
            class="v-avatar__underlay"
          />
          
        </div>
        
        
      </span>
      <!---->
      <!---->
    </button>
    
    <!--teleport start-->
    <!--teleport end-->
    
    
    <!--teleport start-->
    <!--teleport end-->
    
  </div>
  <div
    data-v-app=""
  >
    
    
    
    
    <a
      aria-describedby="v-tooltip-1"
      aria-expanded="false"
      aria-haspopup="menu"
      aria-owns="v-menu-0"
      class="v-btn v-btn--elevated v-btn--icon v-theme--light v-btn--density-default elevation-0 v-btn--size-default v-btn--variant-elevated"
      href="/path/to/root"
    >
      
      <span
        class="v-btn__overlay"
      />
      <span
        class="v-btn__underlay"
      />
      
      <!---->
      <span
        class="v-btn__content"
        data-no-activator=""
      >
        
        
        <div
          class="v-avatar v-theme--light v-avatar--density-default v-avatar--size-large v-avatar--variant-flat"
        >
          
          <i
            aria-hidden="true"
            class="mdi-account-circle mdi v-icon notranslate v-theme--light v-icon--size-x-large _icon_93c2a5"
          />
          
          
          <!---->
          <span
            class="v-avatar__underlay"
          />
          
        </div>
        
        
      </span>
      <!---->
      <!---->
    </a>
    
    <!--teleport start-->
    <!--teleport end-->
    
    
    <!--teleport start-->
    <!--teleport end-->
    
  </div>
  <div
    data-v-app=""
  />
  <div
    data-v-app=""
  />
</body>
`;

exports[`UIコンポーネントのテスト > ViewModelのテスト > ブラックボックステスト > 同値・境界値テスト > to > 「/path/to/root」を指定した場合 > ツールチップテキストに「test text」が表示されること 1`] = `
<body>
  <div
    data-v-app=""
  />
  <div
    class="v-overlay-container"
  >
    <div
      class="v-overlay v-overlay--absolute v-theme--light v-locale--is-ltr v-tooltip"
      id="v-tooltip-1"
      role="tooltip"
      style="z-index: 2000;"
    >
      <transition-stub
        appear="true"
        css="true"
        name="fade-transition"
        persisted="false"
      >
        <!---->
      </transition-stub>
      <transition-stub
        appear="true"
        css="true"
        name="fade-transition"
        persisted="true"
        target="http://localhost:3000/path/to/root"
      >
        <div
          class="v-overlay__content"
          style="min-width: 0px; display: none;"
        >
          
          <span>
            test user
          </span>
          
        </div>
      </transition-stub>
    </div>
    
    <div
      class="v-overlay v-overlay--absolute v-theme--light v-locale--is-ltr v-menu"
      style="z-index: 2000;"
    >
      <transition-stub
        appear="true"
        css="true"
        name="fade-transition"
        persisted="false"
      >
        <!---->
      </transition-stub>
      <transition-stub
        appear="true"
        css="true"
        name="dialog-transition"
        persisted="true"
      >
        <div
          class="v-overlay__content"
          style="display: none;"
        >
          
          
          
          <div
            class="v-list v-list--nav v-theme--light v-list--density-default v-list--one-line"
            role="listbox"
            style="background-color: rgb(255, 255, 255); min-width: 250px;"
          >
            
            
            <div
              class="v-list-item v-list-item--link v-list-item--nav v-theme--light v-list-item--density-default v-list-item--one-line v-list-item--rounded v-list-item--variant-text"
              tabindex="0"
            >
              
              <span
                class="v-list-item__overlay"
              />
              <span
                class="v-list-item__underlay"
              />
              
              <!---->
              <div
                class="v-list-item__content"
                data-no-activator=""
              >
                <!---->
                <!---->
                
                <div
                  class="v-list-item-title"
                >
                  title1
                </div>
                
              </div>
              <!---->
            </div>
            <div
              class="v-list-item v-list-item--link v-list-item--nav v-theme--light v-list-item--density-default v-list-item--one-line v-list-item--rounded v-list-item--variant-text"
              tabindex="0"
            >
              
              <span
                class="v-list-item__overlay"
              />
              <span
                class="v-list-item__underlay"
              />
              
              <!---->
              <div
                class="v-list-item__content"
                data-no-activator=""
              >
                <!---->
                <!---->
                
                <div
                  class="v-list-item-title"
                >
                  title2
                </div>
                
              </div>
              <!---->
            </div>
            <div
              class="v-list-item v-list-item--link v-list-item--nav v-theme--light v-list-item--density-default v-list-item--one-line v-list-item--rounded v-list-item--variant-text"
              tabindex="0"
            >
              
              <span
                class="v-list-item__overlay"
              />
              <span
                class="v-list-item__underlay"
              />
              
              <!---->
              <div
                class="v-list-item__content"
                data-no-activator=""
              >
                <!---->
                <!---->
                
                <div
                  class="v-list-item-title"
                >
                  title3
                </div>
                
              </div>
              <!---->
            </div>
            
            
          </div>
          
          
          
        </div>
      </transition-stub>
    </div>
    
  </div>
  <div
    data-v-app=""
  />
  <div
    data-v-app=""
  >
    
    
    
    
    <a
      aria-describedby="v-tooltip-1"
      aria-expanded="false"
      aria-haspopup="menu"
      aria-owns="v-menu-0"
      class="v-btn v-btn--elevated v-btn--icon v-theme--light v-btn--density-default elevation-0 v-btn--size-default v-btn--variant-elevated"
      href="/path/to/root"
    >
      
      <span
        class="v-btn__overlay"
      />
      <span
        class="v-btn__underlay"
      />
      
      <!---->
      <span
        class="v-btn__content"
        data-no-activator=""
      >
        
        
        <div
          class="v-avatar v-theme--light v-avatar--density-default v-avatar--size-large v-avatar--variant-flat"
        >
          
          <i
            aria-hidden="true"
            class="mdi-account-circle mdi v-icon notranslate v-theme--light v-icon--size-x-large _icon_93c2a5"
          />
          
          
          <!---->
          <span
            class="v-avatar__underlay"
          />
          
        </div>
        
        
      </span>
      <!---->
      <!---->
    </a>
    
    <!--teleport start-->
    <!--teleport end-->
    
    
    <!--teleport start-->
    <!--teleport end-->
    
  </div>
  <div
    data-v-app=""
  />
  <div
    data-v-app=""
  />
</body>
`;

exports[`UIコンポーネントのテスト > ViewModelのテスト > ブラックボックステスト > 同値・境界値テスト > tooltipText > 「test text」を指定した場合 > ツールチップテキストに「test text」が表示されること 1`] = `
<body>
  <div
    data-v-app=""
  />
  <div
    class="v-overlay-container"
  >
    <div
      class="v-overlay v-overlay--absolute v-theme--light v-locale--is-ltr v-tooltip"
      id="v-tooltip-1"
      role="tooltip"
      style="z-index: 2000;"
    >
      <transition-stub
        appear="true"
        css="true"
        name="fade-transition"
        persisted="false"
      >
        <!---->
      </transition-stub>
      <transition-stub
        appear="true"
        css="true"
        name="fade-transition"
        persisted="true"
        target="[object HTMLButtonElement]"
      >
        <div
          class="v-overlay__content"
          style="min-width: 0px; display: none;"
        >
          
          <span>
            test text
          </span>
          
        </div>
      </transition-stub>
    </div>
    
    <div
      class="v-overlay v-overlay--absolute v-theme--light v-locale--is-ltr v-menu"
      style="z-index: 2000;"
    >
      <transition-stub
        appear="true"
        css="true"
        name="fade-transition"
        persisted="false"
      >
        <!---->
      </transition-stub>
      <transition-stub
        appear="true"
        css="true"
        name="dialog-transition"
        persisted="true"
      >
        <div
          class="v-overlay__content"
          style="display: none;"
        >
          
          
          
          <div
            class="v-list v-list--nav v-theme--light v-list--density-default v-list--one-line"
            role="listbox"
            style="background-color: rgb(255, 255, 255); min-width: 250px;"
          >
            
            
            <div
              class="v-list-item v-list-item--link v-list-item--nav v-theme--light v-list-item--density-default v-list-item--one-line v-list-item--rounded v-list-item--variant-text"
              tabindex="0"
            >
              
              <span
                class="v-list-item__overlay"
              />
              <span
                class="v-list-item__underlay"
              />
              
              <!---->
              <div
                class="v-list-item__content"
                data-no-activator=""
              >
                <!---->
                <!---->
                
                <div
                  class="v-list-item-title"
                >
                  title1
                </div>
                
              </div>
              <!---->
            </div>
            <div
              class="v-list-item v-list-item--link v-list-item--nav v-theme--light v-list-item--density-default v-list-item--one-line v-list-item--rounded v-list-item--variant-text"
              tabindex="0"
            >
              
              <span
                class="v-list-item__overlay"
              />
              <span
                class="v-list-item__underlay"
              />
              
              <!---->
              <div
                class="v-list-item__content"
                data-no-activator=""
              >
                <!---->
                <!---->
                
                <div
                  class="v-list-item-title"
                >
                  title2
                </div>
                
              </div>
              <!---->
            </div>
            <div
              class="v-list-item v-list-item--link v-list-item--nav v-theme--light v-list-item--density-default v-list-item--one-line v-list-item--rounded v-list-item--variant-text"
              tabindex="0"
            >
              
              <span
                class="v-list-item__overlay"
              />
              <span
                class="v-list-item__underlay"
              />
              
              <!---->
              <div
                class="v-list-item__content"
                data-no-activator=""
              >
                <!---->
                <!---->
                
                <div
                  class="v-list-item-title"
                >
                  title3
                </div>
                
              </div>
              <!---->
            </div>
            
            
          </div>
          
          
          
        </div>
      </transition-stub>
    </div>
    
    <div
      class="v-overlay v-overlay--absolute v-theme--light v-locale--is-ltr v-tooltip"
      id="v-tooltip-1"
      role="tooltip"
      style="z-index: 2000;"
    >
      <transition-stub
        appear="true"
        css="true"
        name="fade-transition"
        persisted="false"
      >
        <!---->
      </transition-stub>
      <transition-stub
        appear="true"
        css="true"
        name="fade-transition"
        persisted="true"
        target="http://localhost:3000/path/to/root"
      >
        <div
          class="v-overlay__content"
          style="min-width: 0px; display: none;"
        >
          
          <span>
            test user
          </span>
          
        </div>
      </transition-stub>
    </div>
    
    <div
      class="v-overlay v-overlay--absolute v-theme--light v-locale--is-ltr v-menu"
      style="z-index: 2000;"
    >
      <transition-stub
        appear="true"
        css="true"
        name="fade-transition"
        persisted="false"
      >
        <!---->
      </transition-stub>
      <transition-stub
        appear="true"
        css="true"
        name="dialog-transition"
        persisted="true"
      >
        <div
          class="v-overlay__content"
          style="display: none;"
        >
          
          
          
          <div
            class="v-list v-list--nav v-theme--light v-list--density-default v-list--one-line"
            role="listbox"
            style="background-color: rgb(255, 255, 255); min-width: 250px;"
          >
            
            
            <div
              class="v-list-item v-list-item--link v-list-item--nav v-theme--light v-list-item--density-default v-list-item--one-line v-list-item--rounded v-list-item--variant-text"
              tabindex="0"
            >
              
              <span
                class="v-list-item__overlay"
              />
              <span
                class="v-list-item__underlay"
              />
              
              <!---->
              <div
                class="v-list-item__content"
                data-no-activator=""
              >
                <!---->
                <!---->
                
                <div
                  class="v-list-item-title"
                >
                  title1
                </div>
                
              </div>
              <!---->
            </div>
            <div
              class="v-list-item v-list-item--link v-list-item--nav v-theme--light v-list-item--density-default v-list-item--one-line v-list-item--rounded v-list-item--variant-text"
              tabindex="0"
            >
              
              <span
                class="v-list-item__overlay"
              />
              <span
                class="v-list-item__underlay"
              />
              
              <!---->
              <div
                class="v-list-item__content"
                data-no-activator=""
              >
                <!---->
                <!---->
                
                <div
                  class="v-list-item-title"
                >
                  title2
                </div>
                
              </div>
              <!---->
            </div>
            <div
              class="v-list-item v-list-item--link v-list-item--nav v-theme--light v-list-item--density-default v-list-item--one-line v-list-item--rounded v-list-item--variant-text"
              tabindex="0"
            >
              
              <span
                class="v-list-item__overlay"
              />
              <span
                class="v-list-item__underlay"
              />
              
              <!---->
              <div
                class="v-list-item__content"
                data-no-activator=""
              >
                <!---->
                <!---->
                
                <div
                  class="v-list-item-title"
                >
                  title3
                </div>
                
              </div>
              <!---->
            </div>
            
            
          </div>
          
          
          
        </div>
      </transition-stub>
    </div>
    
  </div>
  <div
    data-v-app=""
  >
    
    
    
    
    <button
      aria-describedby="v-tooltip-1"
      aria-expanded="false"
      aria-haspopup="menu"
      aria-owns="v-menu-0"
      class="v-btn v-btn--elevated v-btn--icon v-theme--light v-btn--density-default elevation-0 v-btn--size-default v-btn--variant-elevated"
      type="button"
    >
      
      <span
        class="v-btn__overlay"
      />
      <span
        class="v-btn__underlay"
      />
      
      <!---->
      <span
        class="v-btn__content"
        data-no-activator=""
      >
        
        
        <div
          class="v-avatar v-theme--light v-avatar--density-default v-avatar--size-large v-avatar--variant-flat"
        >
          
          <i
            aria-hidden="true"
            class="mdi-account-circle mdi v-icon notranslate v-theme--light v-icon--size-x-large _icon_93c2a5"
          />
          
          
          <!---->
          <span
            class="v-avatar__underlay"
          />
          
        </div>
        
        
      </span>
      <!---->
      <!---->
    </button>
    
    <!--teleport start-->
    <!--teleport end-->
    
    
    <!--teleport start-->
    <!--teleport end-->
    
  </div>
  <div
    data-v-app=""
  >
    
    
    
    
    <a
      aria-describedby="v-tooltip-1"
      aria-expanded="false"
      aria-haspopup="menu"
      aria-owns="v-menu-0"
      class="v-btn v-btn--elevated v-btn--icon v-theme--light v-btn--density-default elevation-0 v-btn--size-default v-btn--variant-elevated"
      href="/path/to/root"
    >
      
      <span
        class="v-btn__overlay"
      />
      <span
        class="v-btn__underlay"
      />
      
      <!---->
      <span
        class="v-btn__content"
        data-no-activator=""
      >
        
        
        <div
          class="v-avatar v-theme--light v-avatar--density-default v-avatar--size-large v-avatar--variant-flat"
        >
          
          <i
            aria-hidden="true"
            class="mdi-account-circle mdi v-icon notranslate v-theme--light v-icon--size-x-large _icon_93c2a5"
          />
          
          
          <!---->
          <span
            class="v-avatar__underlay"
          />
          
        </div>
        
        
      </span>
      <!---->
      <!---->
    </a>
    
    <!--teleport start-->
    <!--teleport end-->
    
    
    <!--teleport start-->
    <!--teleport end-->
    
  </div>
  <div
    data-v-app=""
  />
  <div
    data-v-app=""
  />
</body>
`;

exports[`UIコンポーネントのテスト > ViewModelのテスト > ブラックボックステスト > 組み合わせテスト > displayNameとtooltipText > tooltipTextを渡されなかったとき、displayNameをツールチップに表示すること 1`] = `
<body>
  <div
    data-v-app=""
  />
  <div
    class="v-overlay-container"
  >
    <div
      class="v-overlay v-overlay--absolute v-theme--light v-locale--is-ltr v-tooltip"
      id="v-tooltip-1"
      role="tooltip"
      style="z-index: 2000;"
    >
      <transition-stub
        appear="true"
        css="true"
        name="fade-transition"
        persisted="false"
      >
        <!---->
      </transition-stub>
      <transition-stub
        appear="true"
        css="true"
        name="fade-transition"
        persisted="true"
      >
        <div
          class="v-overlay__content"
          style="min-width: 0px; display: none;"
        >
          
          <span>
            test text
          </span>
          
        </div>
      </transition-stub>
    </div>
    
    <div
      class="v-overlay v-overlay--absolute v-theme--light v-locale--is-ltr v-menu"
      style="z-index: 2000;"
    >
      <transition-stub
        appear="true"
        css="true"
        name="fade-transition"
        persisted="false"
      >
        <!---->
      </transition-stub>
      <transition-stub
        appear="true"
        css="true"
        name="dialog-transition"
        persisted="true"
      >
        <div
          class="v-overlay__content"
          style="display: none;"
        >
          
          
          
          <div
            class="v-list v-list--nav v-theme--light v-list--density-default v-list--one-line"
            role="listbox"
            style="background-color: rgb(255, 255, 255); min-width: 250px;"
          >
            
            
            <div
              class="v-list-item v-list-item--link v-list-item--nav v-theme--light v-list-item--density-default v-list-item--one-line v-list-item--rounded v-list-item--variant-text"
              tabindex="0"
            >
              
              <span
                class="v-list-item__overlay"
              />
              <span
                class="v-list-item__underlay"
              />
              
              <!---->
              <div
                class="v-list-item__content"
                data-no-activator=""
              >
                <!---->
                <!---->
                
                <div
                  class="v-list-item-title"
                >
                  title1
                </div>
                
              </div>
              <!---->
            </div>
            <div
              class="v-list-item v-list-item--link v-list-item--nav v-theme--light v-list-item--density-default v-list-item--one-line v-list-item--rounded v-list-item--variant-text"
              tabindex="0"
            >
              
              <span
                class="v-list-item__overlay"
              />
              <span
                class="v-list-item__underlay"
              />
              
              <!---->
              <div
                class="v-list-item__content"
                data-no-activator=""
              >
                <!---->
                <!---->
                
                <div
                  class="v-list-item-title"
                >
                  title2
                </div>
                
              </div>
              <!---->
            </div>
            <div
              class="v-list-item v-list-item--link v-list-item--nav v-theme--light v-list-item--density-default v-list-item--one-line v-list-item--rounded v-list-item--variant-text"
              tabindex="0"
            >
              
              <span
                class="v-list-item__overlay"
              />
              <span
                class="v-list-item__underlay"
              />
              
              <!---->
              <div
                class="v-list-item__content"
                data-no-activator=""
              >
                <!---->
                <!---->
                
                <div
                  class="v-list-item-title"
                >
                  title3
                </div>
                
              </div>
              <!---->
            </div>
            
            
          </div>
          
          
          
        </div>
      </transition-stub>
    </div>
    
  </div>
  <div
    data-v-app=""
  />
  <div
    data-v-app=""
  />
  <div
    data-v-app=""
  />
  <div
    data-v-app=""
  />
  <div
    data-v-app=""
  >
    
    
    
    
    <button
      aria-describedby="v-tooltip-1"
      aria-expanded="false"
      aria-haspopup="menu"
      aria-owns="v-menu-0"
      class="v-btn v-btn--elevated v-btn--icon v-theme--light v-btn--density-default elevation-0 v-btn--size-default v-btn--variant-elevated"
      type="button"
    >
      
      <span
        class="v-btn__overlay"
      />
      <span
        class="v-btn__underlay"
      />
      
      <!---->
      <span
        class="v-btn__content"
        data-no-activator=""
      >
        
        
        <div
          class="v-avatar v-theme--light v-avatar--density-default v-avatar--size-large v-avatar--variant-flat"
        >
          
          <i
            aria-hidden="true"
            class="mdi-account-circle mdi v-icon notranslate v-theme--light v-icon--size-x-large _icon_93c2a5"
          />
          
          
          <!---->
          <span
            class="v-avatar__underlay"
          />
          
        </div>
        
        
      </span>
      <!---->
      <!---->
    </button>
    
    <!--teleport start-->
    <!--teleport end-->
    
    
    <!--teleport start-->
    <!--teleport end-->
    
  </div>
</body>
`;

exports[`UIコンポーネントのテスト > ViewModelのテスト > ブラックボックステスト > 組み合わせテスト > displayNameとtooltipText > tooltipTextを渡されなかったとき、displayNameをツールチップに表示すること 2`] = `
<body>
  <div
    data-v-app=""
  />
  <div
    class="v-overlay-container"
  >
    <div
      class="v-overlay v-overlay--absolute v-theme--light v-locale--is-ltr v-tooltip"
      id="v-tooltip-1"
      role="tooltip"
      style="z-index: 2000;"
    >
      <transition-stub
        appear="true"
        css="true"
        name="fade-transition"
        persisted="false"
      >
        <!---->
      </transition-stub>
      <transition-stub
        appear="true"
        css="true"
        name="fade-transition"
        persisted="true"
      >
        <div
          class="v-overlay__content"
          style="min-width: 0px; display: none;"
        >
          
          <span>
            test user
          </span>
          
        </div>
      </transition-stub>
    </div>
    
    <div
      class="v-overlay v-overlay--absolute v-theme--light v-locale--is-ltr v-menu"
      style="z-index: 2000;"
    >
      <transition-stub
        appear="true"
        css="true"
        name="fade-transition"
        persisted="false"
      >
        <!---->
      </transition-stub>
      <transition-stub
        appear="true"
        css="true"
        name="dialog-transition"
        persisted="true"
      >
        <div
          class="v-overlay__content"
          style="display: none;"
        >
          
          
          
          <div
            class="v-list v-list--nav v-theme--light v-list--density-default v-list--one-line"
            role="listbox"
            style="background-color: rgb(255, 255, 255); min-width: 250px;"
          >
            
            
            <div
              class="v-list-item v-list-item--link v-list-item--nav v-theme--light v-list-item--density-default v-list-item--one-line v-list-item--rounded v-list-item--variant-text"
              tabindex="0"
            >
              
              <span
                class="v-list-item__overlay"
              />
              <span
                class="v-list-item__underlay"
              />
              
              <!---->
              <div
                class="v-list-item__content"
                data-no-activator=""
              >
                <!---->
                <!---->
                
                <div
                  class="v-list-item-title"
                >
                  title1
                </div>
                
              </div>
              <!---->
            </div>
            <div
              class="v-list-item v-list-item--link v-list-item--nav v-theme--light v-list-item--density-default v-list-item--one-line v-list-item--rounded v-list-item--variant-text"
              tabindex="0"
            >
              
              <span
                class="v-list-item__overlay"
              />
              <span
                class="v-list-item__underlay"
              />
              
              <!---->
              <div
                class="v-list-item__content"
                data-no-activator=""
              >
                <!---->
                <!---->
                
                <div
                  class="v-list-item-title"
                >
                  title2
                </div>
                
              </div>
              <!---->
            </div>
            <div
              class="v-list-item v-list-item--link v-list-item--nav v-theme--light v-list-item--density-default v-list-item--one-line v-list-item--rounded v-list-item--variant-text"
              tabindex="0"
            >
              
              <span
                class="v-list-item__overlay"
              />
              <span
                class="v-list-item__underlay"
              />
              
              <!---->
              <div
                class="v-list-item__content"
                data-no-activator=""
              >
                <!---->
                <!---->
                
                <div
                  class="v-list-item-title"
                >
                  title3
                </div>
                
              </div>
              <!---->
            </div>
            
            
          </div>
          
          
          
        </div>
      </transition-stub>
    </div>
    
  </div>
  <div
    data-v-app=""
  />
  <div
    data-v-app=""
  />
  <div
    data-v-app=""
  />
  <div
    data-v-app=""
  />
  <div
    data-v-app=""
  />
  <div
    data-v-app=""
  >
    
    
    
    
    <button
      aria-describedby="v-tooltip-1"
      aria-expanded="false"
      aria-haspopup="menu"
      aria-owns="v-menu-0"
      class="v-btn v-btn--elevated v-btn--icon v-theme--light v-btn--density-default elevation-0 v-btn--size-default v-btn--variant-elevated"
      type="button"
    >
      
      <span
        class="v-btn__overlay"
      />
      <span
        class="v-btn__underlay"
      />
      
      <!---->
      <span
        class="v-btn__content"
        data-no-activator=""
      >
        
        
        <div
          class="v-avatar v-theme--light v-avatar--density-default v-avatar--size-large v-avatar--variant-flat"
        >
          
          <i
            aria-hidden="true"
            class="mdi-account-circle mdi v-icon notranslate v-theme--light v-icon--size-x-large _icon_93c2a5"
          />
          
          
          <!---->
          <span
            class="v-avatar__underlay"
          />
          
        </div>
        
        
      </span>
      <!---->
      <!---->
    </button>
    
    <!--teleport start-->
    <!--teleport end-->
    
    
    <!--teleport start-->
    <!--teleport end-->
    
  </div>
</body>
`;
